<html>
<body>
<pre>
<h1>µVision Build Log</h1>
<h2>Tool Versions:</h2>
IDE-Version: µVision V5.39.0.0
Copyright (C) 2023 ARM Ltd and ARM Germany GmbH. All rights reserved.
License Information: iyed hamrouni, lille, LIC=----
 
Tool Versions:
Toolchain:       MDK-Lite  Version: 5.39.0.0
Toolchain Path:  C:\Keil_v5\ARM\ARMCLANG\Bin
C Compiler:      ArmClang.exe V6.21
Assembler:       Armasm.exe V6.21
Linker/Locator:  ArmLink.exe V6.21
Library Manager: ArmAr.exe V6.21
Hex Converter:   FromElf.exe V6.21
CPU DLL:         SARMCM3.DLL V5.39.0.0
Dialog DLL:      DARMSTM.DLL V1.69.1.0
Target DLL:      STLink\ST-LINKIII-KEIL_SWO.dll V3.2.0.0
Dialog DLL:      TARMSTM.DLL V1.67.1.0
 
<h2>Project:</h2>
C:\Users\MSI\Desktop\Le-projet-voilier\getting_started_with_STM32\Activity_1\ProjetVide.uvprojx
Project File Date:  09/28/2024

<h2>Output:</h2>
*** Using Compiler 'V6.21', folder: 'C:\Keil_v5\ARM\ARMCLANG\Bin'
Rebuild target 'Reel'
assembling startup_stm32f10x_md.s...
Application/principal.c(1): warning: In file included from...
C:/Users/MSI/AppData/Local/Arm/Packs/Keil/STM32F1xx_DFP/2.4.1/Device/Include\stm32f10x.h(18): warning: invalid UTF-8 in comment [-Winvalid-utf8]
   18 |   *              - To use or not the peripheral<92>s drivers in application code(i.e. 
      |                                                ^
C:/Users/MSI/AppData/Local/Arm/Packs/Keil/STM32F1xx_DFP/2.4.1/Device/Include\stm32f10x.h(19): warning: invalid UTF-8 in comment [-Winvalid-utf8]
   19 |   *                code will be based on direct access to peripheral<92>s registers 
      |                                                                     ^
C:/Users/MSI/AppData/Local/Arm/Packs/Keil/STM32F1xx_DFP/2.4.1/Device/Include\stm32f10x.h(26): warning: invalid UTF-8 in comment [-Winvalid-utf8]
   26 |   *           - Macros to access peripheral<92>s registers hardware
      |                                            ^
Application/principal.c(2): warning: In file included from...
./Include\MyGPIO.h(4): warning: padding size of 'MyGPIO_Struct_TypeDef' with 2 bytes to alignment boundary [-Wpadded]
    4 | typedef struct
      |         ^
Application/principal.c(14): warning: mixing declarations and code is incompatible with standards before C99 [-Wdeclaration-after-statement]
   14 |         MyGPIO_Struct_TypeDef  insMGPIO_C9;
      |                                ^
5 warnings generated.
compiling principal.c...
Source/MyGPIO.c(1): warning: In file included from...
./Include\MyGPIO.h(3): warning: In file included from...
C:/Users/MSI/AppData/Local/Arm/Packs/Keil/STM32F1xx_DFP/2.4.1/Device/Include\stm32f10x.h(18): warning: invalid UTF-8 in comment [-Winvalid-utf8]
   18 |   *              - To use or not the peripheral<92>s drivers in application code(i.e. 
      |                                                ^
C:/Users/MSI/AppData/Local/Arm/Packs/Keil/STM32F1xx_DFP/2.4.1/Device/Include\stm32f10x.h(19): warning: invalid UTF-8 in comment [-Winvalid-utf8]
   19 |   *                code will be based on direct access to peripheral<92>s registers 
      |                                                                     ^
C:/Users/MSI/AppData/Local/Arm/Packs/Keil/STM32F1xx_DFP/2.4.1/Device/Include\stm32f10x.h(26): warning: invalid UTF-8 in comment [-Winvalid-utf8]
   26 |   *           - Macros to access peripheral<92>s registers hardware
      |                                            ^
Source/MyGPIO.c(5): warning: implicit conversion changes signedness: 'int' to 'uint32_t' (aka 'unsigned int') [-Wsign-conversion]
    5 |         GPIOA->CRL &= ~(0xF<<4) ;
      |                    ~~ ^~~~~~~~~
Source/MyGPIO.c(21): warning: implicit conversion changes signedness: 'int' to 'uint32_t' (aka 'unsigned int') [-Wsign-conversion]
   21 |                 GPIOStructPtr->GPIO->CRL &= ~(0xF<<(GPIOStructPtr->GPIO_Pin*4));
      |                                          ~~ ^~~~~~~~~~~~~~~~~~~~~~~~~~~~~~~~~~~
Source/MyGPIO.c(25): warning: implicit conversion changes signedness: 'int' to 'uint32_t' (aka 'unsigned int') [-Wsign-conversion]
   25 |                 GPIOStructPtr->GPIO->CRL |= (GPIOStructPtr->GPIO_Conf<<(GPIOStructPtr->GPIO_Pin*4));
      |                                          ~~  ~~~~~~~~~~~~~~~~~~~~~~~~^~~~~~~~~~~~~~~~~~~~~~~~~~~~~
Source/MyGPIO.c(29): warning: implicit conversion changes signedness: 'int' to 'uint32_t' (aka 'unsigned int') [-Wsign-conversion]
   29 |                 GPIOStructPtr->GPIO->CRL |= ((GPIOStructPtr->GPIO_Conf-2)<<(GPIOStructPtr->GPIO_Pin*4));
      |                                          ~~  ~~~~~~~~~~~~~~~~~~~~~~~~~~~~^~~~~~~~~~~~~~~~~~~~~~~~~~~~~
Source/MyGPIO.c(34): warning: implicit conversion changes signedness: 'int' to 'uint32_t' (aka 'unsigned int') [-Wsign-conversion]
   34 |                 GPIOStructPtr->GPIO->CRL |= (GPIOStructPtr->GPIO_Conf<<(GPIOStructPtr->GPIO_Pin*4));    
      |                                          ~~  ~~~~~~~~~~~~~~~~~~~~~~~~^~~~~~~~~~~~~~~~~~~~~~~~~~~~~
Source/MyGPIO.c(38): warning: implicit conversion changes signedness: 'int' to 'uint32_t' (aka 'unsigned int') [-Wsign-conversion]
   38 |                 GPIOStructPtr->GPIO->CRH &= ~(0xF<<((GPIOStructPtr->GPIO_Pin-8)*4));
      |                                          ~~ ^~~~~~~~~~~~~~~~~~~~~~~~~~~~~~~~~~~~~~~
Source/MyGPIO.c(42): warning: implicit conversion changes signedness: 'int' to 'uint32_t' (aka 'unsigned int') [-Wsign-conversion]
   42 |                 GPIOStructPtr->GPIO->CRH |= (GPIOStructPtr->GPIO_Conf<<((GPIOStructPtr->GPIO_Pin-8)*4));
      |                                          ~~  ~~~~~~~~~~~~~~~~~~~~~~~~^~~~~~~~~~~~~~~~~~~~~~~~~~~~~~~~~
Source/MyGPIO.c(46): warning: implicit conversion changes signedness: 'int' to 'uint32_t' (aka 'unsigned int') [-Wsign-conversion]
   46 |                 GPIOStructPtr->GPIO->CRH |= ((GPIOStructPtr->GPIO_Conf-2)<<((GPIOStructPtr->GPIO_Pin-8)*4));
      |                                          ~~  ~~~~~~~~~~~~~~~~~~~~~~~~~~~~^~~~~~~~~~~~~~~~~~~~~~~~~~~~~~~~~
Source/MyGPIO.c(51): warning: implicit conversion changes signedness: 'int' to 'uint32_t' (aka 'unsigned int') [-Wsign-conversion]
   51 |                 GPIOStructPtr->GPIO->CRH |= (GPIOStructPtr->GPIO_Conf<<((GPIOStructPtr->GPIO_Pin-8)*4));        
      |                                          ~~  ~~~~~~~~~~~~~~~~~~~~~~~~^~~~~~~~~~~~~~~~~~~~~~~~~~~~~~~~~
Source/MyGPIO.c(1): warning: In file included from...
./Include\MyGPIO.h(4): warning: padding size of 'MyGPIO_Struct_TypeDef' with 2 bytes to alignment boundary [-Wpadded]
    4 | typedef struct
      |         ^
Source/MyGPIO.c(79): warning: no newline at end of file [-Wnewline-eof]
   79 | }
      |  ^
14 warnings generated.
compiling MyGPIO.c...
RTE/Device/STM32F103RB/system_stm32f10x.c(65): warning: In file included from...
C:/Users/MSI/AppData/Local/Arm/Packs/Keil/STM32F1xx_DFP/2.4.1/Device/Include\stm32f10x.h(18): warning: invalid UTF-8 in comment [-Winvalid-utf8]
   18 |   *              - To use or not the peripheral<92>s drivers in application code(i.e. 
      |                                                ^
C:/Users/MSI/AppData/Local/Arm/Packs/Keil/STM32F1xx_DFP/2.4.1/Device/Include\stm32f10x.h(19): warning: invalid UTF-8 in comment [-Winvalid-utf8]
   19 |   *                code will be based on direct access to peripheral<92>s registers 
      |                                                                     ^
C:/Users/MSI/AppData/Local/Arm/Packs/Keil/STM32F1xx_DFP/2.4.1/Device/Include\stm32f10x.h(26): warning: invalid UTF-8 in comment [-Winvalid-utf8]
   26 |   *           - Macros to access peripheral<92>s registers hardware
      |                                            ^
RTE/Device/STM32F103RB/system_stm32f10x.c(167): warning: no previous extern declaration for non-static variable 'AHBPrescTable' [-Wmissing-variable-declarations]
  167 | __I uint8_t AHBPrescTable[16] = {0, 0, 0, 0, 0, 0, 0, 0, 1, 2, 3, 4, 6, 7, 8, 9};
      |             ^
RTE/Device/STM32F103RB/system_stm32f10x.c(167): note: declare 'static' if the variable is not intended to be used outside of this translation unit
  167 | __I uint8_t AHBPrescTable[16] = {0, 0, 0, 0, 0, 0, 0, 0, 1, 2, 3, 4, 6, 7, 8, 9};
      |     ^
RTE/Device/STM32F103RB/system_stm32f10x.c(409): warning: unsafe buffer access [-Wunsafe-buffer-usage]
  409 |   tmp = AHBPrescTable[((RCC->CFGR & RCC_CFGR_HPRE) >> 4)];
      |         ^~~~~~~~~~~~~
5 warnings generated.
compiling system_stm32f10x.c...
linking...
Program Size: Code=1436 RO-data=252 RW-data=0 ZI-data=1632  
".\Objects\Projet3FISA.axf" - 0 Error(s), 24 Warning(s).

<h2>Software Packages used:</h2>

Package Vendor: ARM
                http://www.keil.com/pack/ARM.CMSIS.5.9.0.pack
                ARM::CMSIS@5.9.0
                CMSIS (Common Microcontroller Software Interface Standard)
   * Component: CORE Version: 5.6.0

Package Vendor: Keil
                https://www.keil.com/pack/Keil.STM32F1xx_DFP.2.4.1.pack
                Keil::STM32F1xx_DFP@2.4.1
                STMicroelectronics STM32F1 Series Device Support, Drivers and Examples
   * Component: Startup Version: 1.0.0

<h2>Collection of Component include folders:</h2>
  ./RTE/Device/STM32F103RB
  ./RTE/_Reel
  C:/Users/MSI/AppData/Local/Arm/Packs/ARM/CMSIS/5.9.0/CMSIS/Core/Include
  C:/Users/MSI/AppData/Local/Arm/Packs/Keil/STM32F1xx_DFP/2.4.1/Device/Include

<h2>Collection of Component Files used:</h2>

   * Component: ARM::CMSIS:CORE@5.6.0

   * Component: Keil::Device:Startup@1.0.0
      Include file:  RTE_Driver/Config/RTE_Device.h
      Source file:   Device/Source/system_stm32f10x.c
      Source file:   Device/Source/ARM/STM32F1xx_OPT.s
      Source file:   Device/Source/ARM/startup_stm32f10x_md.s
Build Time Elapsed:  00:00:01
</pre>
</body>
</html>
